// Jest Snapshot v1, https://goo.gl/fbAQLP

exports[`<DropDown /> renders DropDown with defined values 1`] = `
<DocumentFragment>
  <div
    class="MuiFormControl-root sc-bdnylx iSWsxH"
  >
    <label
      class="MuiFormLabel-root MuiInputLabel-root MuiInputLabel-formControl MuiInputLabel-animated"
      data-shrink="false"
      id="type"
    >
      type
    </label>
    <div
      class="MuiInputBase-root MuiInput-root MuiInput-underline MuiInputBase-formControl MuiInput-formControl"
    >
      <div
        aria-haspopup="listbox"
        aria-labelledby="type select"
        class="MuiSelect-root MuiSelect-select MuiSelect-selectMenu MuiInputBase-input MuiInput-input"
        id="select"
        role="button"
        tabindex="0"
      >
        <span>
          â€‹
        </span>
      </div>
      <input
        aria-hidden="true"
        class="MuiSelect-nativeInput"
        data-testid="input-type"
        id="input-type"
        tabindex="-1"
        value=""
      />
      <svg
        aria-hidden="true"
        class="MuiSvgIcon-root MuiSelect-icon"
        focusable="false"
        viewBox="0 0 24 24"
      >
        <path
          d="M7 10l5 5 5-5z"
        />
      </svg>
    </div>
  </div>
</DocumentFragment>
`;

exports[`<DropDown /> renders nothing since no options are passed 1`] = `<DocumentFragment />`;
